// Jest Snapshot v1, https://goo.gl/fbAQLP

exports[`BookingTimeForm matches snapshot without selected dates 1`] = `
<ReactFinalForm
  endDateInputProps={
    Object {
      "format": [Function],
      "id": "EmptyDateInputForm.bookingEndDate",
      "label": "End Date",
      "name": "bookingEndDate",
      "placeholderText": "End date",
      "useMobileMargins": false,
    }
  }
  endDatePlaceholder={null}
  endTimeInputProps={
    Object {
      "id": "EmptyDateInputForm.bookingEndDate",
      "label": "End Time",
      "name": "bookingEndTime",
    }
  }
  fetchLineItemsError={null}
  fetchLineItemsInProgress={false}
  initialValues={
    Object {
      "bookingStartDate": Object {
        "date": 2019-10-14T00:00:00.000Z,
      },
    }
  }
  intl={
    Object {
      "formatDate": [Function],
      "formatMessage": [Function],
      "formatNumber": [Function],
      "formatPlural": [Function],
      "formatRelativeTime": [Function],
      "formatTime": [Function],
      "now": [Function],
    }
  }
  isOwnListing={false}
  lineItems={
    Array [
      Object {
        "code": "line-item/units",
        "includeFor": Array [
          "customer",
          "provider",
        ],
        "lineTotal": Money {
          "_sdkType": "Money",
          "amount": 2198,
          "currency": "USD",
        },
        "reversal": false,
        "unitPrice": Money {
          "_sdkType": "Money",
          "amount": 1099,
          "currency": "USD",
        },
        "units": "2",
      },
    ]
  }
  listingId={null}
  monthlyTimeSlots={
    Object {
      "2019-10": Object {
        "fetchTimeSlotsError": null,
        "fetchTimeSlotsInProgress": null,
        "timeSlots": Array [
          Object {
            "attributes": Object {
              "end": 2019-10-14T10:00:00.000Z,
              "start": 2019-10-14T09:00:00.000Z,
              "type": "time-slot/time",
            },
            "id": UUID {
              "_sdkType": "UUID",
              "uuid": 1,
            },
            "type": "timeSlot",
          },
          Object {
            "attributes": Object {
              "end": 2019-10-14T20:00:00.000Z,
              "start": 2019-10-14T16:00:00.000Z,
              "type": "time-slot/time",
            },
            "id": UUID {
              "_sdkType": "UUID",
              "uuid": 2,
            },
            "type": "timeSlot",
          },
        ],
      },
    }
  }
  onChange={[Function]}
  onFetchTimeSlots={[Function]}
  onFetchTransactionLineItems={[Function]}
  onSubmit={[Function]}
  render={[Function]}
  startDateInputProps={
    Object {
      "format": [Function],
      "id": "EmptyDateInputForm.bookingStartDate",
      "label": "Start Date",
      "name": "bookingStartDate",
      "placeholderText": "Start date",
      "useMobileMargins": false,
    }
  }
  startDatePlaceholder={null}
  startTimeInputProps={
    Object {
      "id": "EmptyDateInputForm.bookingStartDate",
      "label": "Start Time",
      "name": "bookingStartTime",
    }
  }
  submitButtonWrapperClassName={null}
  timeZone="Etc/UTC"
  unitPrice={
    Money {
      "_sdkType": "Money",
      "amount": 1234,
      "currency": "USD",
    }
  }
  unitType="line-item/units"
/>
`;
